Build log for Task 7 — StrategyFightForLive Release artifact
Generated: 2026-08-22

Command:
  "D:\microsoft visual studio\MSBuild\Current\Bin\MSBuild.exe" ^
    "E:\progaram\URWPGSim2D\Strategy\StrategyFightForLive\StrategyFightForLive.csproj" ^
    /p:Configuration=Release /t:Rebuild /v:normal

Result: 已成功生成 (Build succeeded)
  0 个错误 (0 errors)
  4 个警告 (4 warnings — all MSB3270 architecture mismatch, pre-existing on all strategy projects)

Output DLL:
  E:\progaram\URWPGSim2D\Strategy\StrategyFightForLive\bin\Release\StrategyFightForLive.dll
  Size: 10240 bytes
  Built: 2026-08-22 17:53

MSBuild version: 18.8.2+ce25c0108 (.NET Framework MSBuild)
Compiler: Roslyn csc.exe (langversion:7.3, target:library, optimize+, nostdlib+)
Target framework: .NET Framework 3.5 (v2.0 mscorlib + v3.5 System.Core)
Platform: MSIL (AnyCPU) — loaded into x86 simulator AppDomain by URWPGSim2D loader

Warnings detail (all 4 are MSB3270 — pre-existing, not introduced by this task):
  - Microsoft.Xna.Framework processorArchitecture=x86 vs project MSIL
  - URWPGSim2D.Common processorArchitecture=MSIL vs project MSIL (benign mismatch message)
  - URWPGSim2D.StrategyHelper processorArchitecture=x86 vs project MSIL
  - URWPGSim2D.StrategyLoader processorArchitecture=MSIL vs project MSIL (benign)

DLL existence verified post-build: Test-Path returned True
